(\l13.(\l14.(\l6.(\l7.(l6 (l6 (l6 (l6 (l6 (l6 (l6 (l6 (l6 (l6 (l6 (l6 (l6 (l6 (l6 (l6 (l6 (l6 (l6 (l6 (l6 (l6 (l6 (l6 (l6 (l6 (l6 (l6 (l6 (l6 (l6 (l6 (l6 (l6 (l6 (l6 (l6 (l6 (l6 (l6 (l6 (l6 (l6 (l6 (l6 (l6 (l6 (l6 (l6 (l6 (l6 (l6 (l6 (l6 (l6 (l6 (l6 (l6 (l6 (l6 (l6 (l6 (l6 (l6 (l6 (l6 (l6 (l6 (l6 (l6 (l6 (l6 (l6 (l6 (l6 (l6 (l6 (l6 (l6 (l6 (l6 (l6 (l6 (l6 (l6 (l6 (l6 (l6 (l6 (l6 (l6 (l6 (l6 (l6 (l6 (l6 (l6 (l6 (l6 (l6 (l6 (l6 (l6 (l6 (l6 (l6 (l6 (l6 (l6 (l6 (l6 (l6 (l6 (l6 (l6 (l6 (l6 (l6 (l6 (l6 (l6 (l6 (l6 (l6 (l6 (l6 (l6 (l6 (l6 (l6 (l6 (l6 (l6 (l6 (l6 (l6 (l6 (l6 (l6 (l6 (l6 (l6 (l6 (l6 (l6 (l6 (l6 (l6 (l6 (l6 (l6 (l6 (l6 (l6 (l6 (l6 (l6 (l6 (l6 (l6 (l6 (l6 (l6 (l6 (l6 (l6 (l6 (l6 (l6 (l6 (l6 (l6 (l6 (l6 (l6 (l6 (l6 (l6 (l6 (l6 (l6 (l6 (l6 (l6 (l6 (l6 (l6 (l6 (l6 (l6 (l6 (l6 (l6 (l6 (l6 (l6 (l6 (l6 (l6 (l6 (l6 (l6 (l6 (l6 (l6 (l6 (l6 (l6 (l6 (l6 (l6 (l6 (l6 (l6 (l6 (l6 (l6 (l6 (l6 (l6 (l6 (l6 (l6 (l6 (l6 (l6 (l6 (l6 (l6 (l6 (l6 (l6 (l6 (l6 (l6 (l6 (l6 (l6 (l6 (l6 (l6 (l6 (l6 (l6 (l6 (l6 (l6 (l6 (l6 (l6 (l6 (l6 (l6 (l6 (l6 (l6 (l6 (l6 (l6 (l6 (l6 (l6 (l6 (l6 (l6 (l6 (l6 (l6 (l6 (l6 (l6 (l6 (l6 (l6 (l6 (l6 (l6 (l6 (l6 (l6 (l6 (l6 (l6 (l6 (l6 (l6 (l6 (l6 (l6 (l6 (l6 (l6 (l6 (l6 (l6 (l6 (l6 (l6 (l6 (l6 (l6 (l6 (l6 (l6 (l6 (l6 (l6 (l6 (l6 (l6 (l6 (l6 (l6 (l6 (l6 (l6 (l6 (l6 (l6 (l6 (l6 (l6 (l6 (l6 (l6 (l6 (l6 (l6 (l6 (l6 (l6 (l6 (l6 (l6 (l6 (l6 (l6 (l6 (l6 (l6 (l6 (l6 (l6 (l6 (l6 (l6 (l6 (l6 (l6 (l6 (l6 (l6 (l6 (l6 (l6 (l6 (l6 (l6 (l6 (l6 (l6 (l6 (l6 (l6 (l6 (l6 (l6 (l6 (l6 (l6 (l6 (l6 (l6 (l6 (l6 (l6 (l6 l7)))))))))))))))))))))))))))))))))))))))))))))))))))))))))))))))))))))))))))))))))))))))))))))))))))))))))))))))))))))))))))))))))))))))))))))))))))))))))))))))))))))))))))))))))))))))))))))))))))))))))))))))))))))))))))))))))))))))))))))))))))))))))))))))))))))))))))))))))))))))))))))))))))))))))))))))))))))))))))))))))))))))))))))))))))))))))))))))))))))))))))))))))))))))))))))
